// Jest Snapshot v1, https://goo.gl/fbAQLP

exports[`routes has all needed routes matching snapshot 1`] = `
Object {
  "chat": Object {
    "screen": [Function],
  },
  "home": Object {
    "screen": [Function],
  },
}
`;
